// Vitest Snapshot v1, https://vitest.dev/guide/snapshot.html

exports[`SecretAgent > getAgent > [mock] should return agent data 1`] = `
{
  "agentInfo": {
    "age": 40,
    "isSecret": true,
    "name": "James Bond",
  },
  "msg": "The secret agent is James Bond",
}
`;
